// Jest Snapshot v1, https://goo.gl/fbAQLP

exports[`Groups should render correctly 1`] = `
<div
  class="pf-l-stack pf-m-gutter"
>
  <div
    class="pf-l-stack__item edge-groups__info"
  >
    <div
      class="pf-l-grid pf-m-gutter"
    >
      <div
        class="pf-l-grid__item pf-m-3-col"
      >
        <article
          class="pf-c-card"
          data-ouia-component-id="OUIA-Generated-Card-1"
          data-ouia-component-type="PF4/Card"
          data-ouia-safe="true"
          id=""
        >
          <div
            class="pf-c-card__header"
          >
            <h3
              class="pf-c-title pf-m-lg"
              data-ouia-component-id="OUIA-Generated-Title-1"
              data-ouia-component-type="PF4/Title"
              data-ouia-safe="true"
            >
              Health threshold
            </h3>
          </div>
          <div
            class="pf-c-card__body"
          >
            <div
              class="pf-l-bullseye"
            >
              <span
                aria-valuetext="Loading..."
                class="pf-c-spinner pf-m-xl"
                role="progressbar"
              >
                <span
                  class="pf-c-spinner__clipper"
                />
                <span
                  class="pf-c-spinner__lead-ball"
                />
                <span
                  class="pf-c-spinner__tail-ball"
                />
              </span>
            </div>
          </div>
        </article>
      </div>
      <div
        class="pf-l-grid__item pf-m-3-col"
      >
        <article
          class="pf-c-card"
          data-ouia-component-id="OUIA-Generated-Card-2"
          data-ouia-component-type="PF4/Card"
          data-ouia-safe="true"
          id=""
        >
          <div
            class="pf-c-card__header"
          >
            <h3
              class="pf-c-title pf-m-lg"
              data-ouia-component-id="OUIA-Generated-Title-2"
              data-ouia-component-type="PF4/Title"
              data-ouia-safe="true"
            >
              Devices info
            </h3>
          </div>
          <div
            class="pf-c-card__body"
          >
            <div
              class="pf-c-content"
            >
              <dl
                class=""
                data-pf-content="true"
              >
                <dt
                  class=""
                  data-pf-content="true"
                >
                  <div
                    class="pf-c-skeleton"
                  >
                    <span
                      class="pf-u-screen-reader"
                    />
                  </div>
                </dt>
                <dd
                  class=""
                  data-pf-content="true"
                >
                  Required approvals
                </dd>
                <dt
                  class=""
                  data-pf-content="true"
                >
                  <div
                    class="pf-c-skeleton"
                  >
                    <span
                      class="pf-u-screen-reader"
                    />
                  </div>
                </dt>
                <dd
                  class=""
                  data-pf-content="true"
                >
                  Orphaned devices
                </dd>
                <dt
                  class=""
                  data-pf-content="true"
                >
                  <div
                    class="pf-c-skeleton"
                  >
                    <span
                      class="pf-u-screen-reader"
                    />
                  </div>
                </dt>
                <dd
                  class=""
                  data-pf-content="true"
                >
                  Devices on the way
                </dd>
              </dl>
            </div>
          </div>
        </article>
      </div>
      <div
        class="pf-l-grid__item pf-m-3-col"
      >
        <article
          class="pf-c-card"
          data-ouia-component-id="OUIA-Generated-Card-3"
          data-ouia-component-type="PF4/Card"
          data-ouia-safe="true"
          id=""
        >
          <div
            class="pf-c-card__header"
          >
            <h3
              class="pf-c-title pf-m-lg"
              data-ouia-component-id="OUIA-Generated-Title-3"
              data-ouia-component-type="PF4/Title"
              data-ouia-safe="true"
            >
              Last Canaries
            </h3>
          </div>
          <div
            class="pf-c-card__body"
          >
            <div
              class="pf-c-content"
            >
              <dl
                class=""
                data-pf-content="true"
              />
            </div>
          </div>
          <div
            class="pf-c-card__footer"
          >
            <div
              class="pf-l-split"
            >
              <div
                class="pf-l-split__item pf-m-fill"
              />
              <div
                class="pf-l-split__item"
              >
                <a
                  href="/canaries"
                >
                  See canaries 
                  <svg
                    aria-hidden="true"
                    fill="currentColor"
                    height="1em"
                    role="img"
                    style="vertical-align: -0.125em;"
                    viewBox="0 0 448 512"
                    width="1em"
                  >
                    <path
                      d="M190.5 66.9l22.2-22.2c9.4-9.4 24.6-9.4 33.9 0L441 239c9.4 9.4 9.4 24.6 0 33.9L246.6 467.3c-9.4 9.4-24.6 9.4-33.9 0l-22.2-22.2c-9.5-9.5-9.3-25 .4-34.3L311.4 296H24c-13.3 0-24-10.7-24-24v-32c0-13.3 10.7-24 24-24h287.4L190.9 101.2c-9.8-9.3-10-24.8-.4-34.3z"
                    />
                  </svg>
                </a>
              </div>
            </div>
          </div>
        </article>
      </div>
    </div>
  </div>
  <div
    class="pf-l-stack__item pf-m-fill"
  >
    <div
      class="pf-c-toolbar  ins-c-primary-toolbar"
      data-ouia-component-id="OUIA-Generated-Toolbar-1"
      data-ouia-component-type="PF4/Toolbar"
      data-ouia-safe="true"
      id="ins-primary-data-toolbar"
    >
      <div
        class="pf-c-toolbar__content"
      >
        <div
          class="pf-c-toolbar__content-section"
        >
          <div
            class="pf-c-toolbar__item ins-c-primary-toolbar__pagination"
          >
            <div
              class="pf-c-skeleton"
            >
              <span
                class="pf-u-screen-reader"
              />
            </div>
          </div>
        </div>
        <div
          class="pf-c-toolbar__expandable-content"
          id="ins-primary-data-toolbar-expandable-content-0"
        >
          <div
            class="pf-c-toolbar__group"
          />
        </div>
      </div>
      <div
        class="pf-c-toolbar__content pf-m-hidden"
        hidden=""
      >
        <div
          class="pf-c-toolbar__group"
        />
      </div>
    </div>
    <table
      aria-label="Loading"
      class="pf-c-table pf-m-grid-md"
      data-ouia-component-id="OUIA-Generated-Table-2"
      data-ouia-component-type="PF4/Table"
      data-ouia-safe="true"
      role="grid"
    >
      <thead
        class=""
      >
        <tr
          class=""
          data-ouia-component-id="OUIA-Generated-TableRow-1"
          data-ouia-component-type="PF4/TableRow"
          data-ouia-safe="true"
        >
          <th
            class=""
            data-key="0"
            data-label="column-0"
            scope="col"
          >
            <div
              class="ins-c-skeleton ins-c-skeleton__sm"
            >
               
            </div>
          </th>
          <th
            class=""
            data-key="1"
            data-label="column-1"
            scope="col"
          >
            <div
              class="ins-c-skeleton ins-c-skeleton__sm"
            >
               
            </div>
          </th>
          <th
            class=""
            data-key="2"
            data-label="column-2"
            scope="col"
          >
            <div
              class="ins-c-skeleton ins-c-skeleton__sm"
            >
               
            </div>
          </th>
          <th
            class=""
            data-key="3"
            data-label="column-3"
            scope="col"
          >
            <div
              class="ins-c-skeleton ins-c-skeleton__sm"
            >
               
            </div>
          </th>
          <th
            class=""
            data-key="4"
            data-label="column-4"
            scope="col"
          >
            <div
              class="ins-c-skeleton ins-c-skeleton__sm"
            >
               
            </div>
          </th>
        </tr>
      </thead>
      <tbody
        class=""
        role="rowgroup"
      >
        <tr
          class=""
          data-ouia-component-id="OUIA-Generated-TableRow-2"
          data-ouia-component-type="PF4/TableRow"
          data-ouia-safe="true"
        >
          <td
            class=""
            data-key="0"
            data-label="column-0"
          >
            <div
              class="ins-c-skeleton ins-c-skeleton__md"
            >
               
            </div>
          </td>
          <td
            class=""
            data-key="1"
            data-label="column-1"
          >
            <div
              class="ins-c-skeleton ins-c-skeleton__md"
            >
               
            </div>
          </td>
          <td
            class=""
            data-key="2"
            data-label="column-2"
          >
            <div
              class="ins-c-skeleton ins-c-skeleton__md"
            >
               
            </div>
          </td>
          <td
            class=""
            data-key="3"
            data-label="column-3"
          >
            <div
              class="ins-c-skeleton ins-c-skeleton__md"
            >
               
            </div>
          </td>
          <td
            class=""
            data-key="4"
            data-label="column-4"
          >
            <div
              class="ins-c-skeleton ins-c-skeleton__md"
            >
               
            </div>
          </td>
        </tr>
        <tr
          class=""
          data-ouia-component-id="OUIA-Generated-TableRow-3"
          data-ouia-component-type="PF4/TableRow"
          data-ouia-safe="true"
        >
          <td
            class=""
            data-key="0"
            data-label="column-0"
          >
            <div
              class="ins-c-skeleton ins-c-skeleton__md"
            >
               
            </div>
          </td>
          <td
            class=""
            data-key="1"
            data-label="column-1"
          >
            <div
              class="ins-c-skeleton ins-c-skeleton__md"
            >
               
            </div>
          </td>
          <td
            class=""
            data-key="2"
            data-label="column-2"
          >
            <div
              class="ins-c-skeleton ins-c-skeleton__md"
            >
               
            </div>
          </td>
          <td
            class=""
            data-key="3"
            data-label="column-3"
          >
            <div
              class="ins-c-skeleton ins-c-skeleton__md"
            >
               
            </div>
          </td>
          <td
            class=""
            data-key="4"
            data-label="column-4"
          >
            <div
              class="ins-c-skeleton ins-c-skeleton__md"
            >
               
            </div>
          </td>
        </tr>
        <tr
          class=""
          data-ouia-component-id="OUIA-Generated-TableRow-4"
          data-ouia-component-type="PF4/TableRow"
          data-ouia-safe="true"
        >
          <td
            class=""
            data-key="0"
            data-label="column-0"
          >
            <div
              class="ins-c-skeleton ins-c-skeleton__md"
            >
               
            </div>
          </td>
          <td
            class=""
            data-key="1"
            data-label="column-1"
          >
            <div
              class="ins-c-skeleton ins-c-skeleton__md"
            >
               
            </div>
          </td>
          <td
            class=""
            data-key="2"
            data-label="column-2"
          >
            <div
              class="ins-c-skeleton ins-c-skeleton__md"
            >
               
            </div>
          </td>
          <td
            class=""
            data-key="3"
            data-label="column-3"
          >
            <div
              class="ins-c-skeleton ins-c-skeleton__md"
            >
               
            </div>
          </td>
          <td
            class=""
            data-key="4"
            data-label="column-4"
          >
            <div
              class="ins-c-skeleton ins-c-skeleton__md"
            >
               
            </div>
          </td>
        </tr>
        <tr
          class=""
          data-ouia-component-id="OUIA-Generated-TableRow-5"
          data-ouia-component-type="PF4/TableRow"
          data-ouia-safe="true"
        >
          <td
            class=""
            data-key="0"
            data-label="column-0"
          >
            <div
              class="ins-c-skeleton ins-c-skeleton__md"
            >
               
            </div>
          </td>
          <td
            class=""
            data-key="1"
            data-label="column-1"
          >
            <div
              class="ins-c-skeleton ins-c-skeleton__md"
            >
               
            </div>
          </td>
          <td
            class=""
            data-key="2"
            data-label="column-2"
          >
            <div
              class="ins-c-skeleton ins-c-skeleton__md"
            >
               
            </div>
          </td>
          <td
            class=""
            data-key="3"
            data-label="column-3"
          >
            <div
              class="ins-c-skeleton ins-c-skeleton__md"
            >
               
            </div>
          </td>
          <td
            class=""
            data-key="4"
            data-label="column-4"
          >
            <div
              class="ins-c-skeleton ins-c-skeleton__md"
            >
               
            </div>
          </td>
        </tr>
        <tr
          class=""
          data-ouia-component-id="OUIA-Generated-TableRow-6"
          data-ouia-component-type="PF4/TableRow"
          data-ouia-safe="true"
        >
          <td
            class=""
            data-key="0"
            data-label="column-0"
          >
            <div
              class="ins-c-skeleton ins-c-skeleton__md"
            >
               
            </div>
          </td>
          <td
            class=""
            data-key="1"
            data-label="column-1"
          >
            <div
              class="ins-c-skeleton ins-c-skeleton__md"
            >
               
            </div>
          </td>
          <td
            class=""
            data-key="2"
            data-label="column-2"
          >
            <div
              class="ins-c-skeleton ins-c-skeleton__md"
            >
               
            </div>
          </td>
          <td
            class=""
            data-key="3"
            data-label="column-3"
          >
            <div
              class="ins-c-skeleton ins-c-skeleton__md"
            >
               
            </div>
          </td>
          <td
            class=""
            data-key="4"
            data-label="column-4"
          >
            <div
              class="ins-c-skeleton ins-c-skeleton__md"
            >
               
            </div>
          </td>
        </tr>
        <tr
          class=""
          data-ouia-component-id="OUIA-Generated-TableRow-7"
          data-ouia-component-type="PF4/TableRow"
          data-ouia-safe="true"
        >
          <td
            class=""
            data-key="0"
            data-label="column-0"
          >
            <div
              class="ins-c-skeleton ins-c-skeleton__md"
            >
               
            </div>
          </td>
          <td
            class=""
            data-key="1"
            data-label="column-1"
          >
            <div
              class="ins-c-skeleton ins-c-skeleton__md"
            >
               
            </div>
          </td>
          <td
            class=""
            data-key="2"
            data-label="column-2"
          >
            <div
              class="ins-c-skeleton ins-c-skeleton__md"
            >
               
            </div>
          </td>
          <td
            class=""
            data-key="3"
            data-label="column-3"
          >
            <div
              class="ins-c-skeleton ins-c-skeleton__md"
            >
               
            </div>
          </td>
          <td
            class=""
            data-key="4"
            data-label="column-4"
          >
            <div
              class="ins-c-skeleton ins-c-skeleton__md"
            >
               
            </div>
          </td>
        </tr>
        <tr
          class=""
          data-ouia-component-id="OUIA-Generated-TableRow-8"
          data-ouia-component-type="PF4/TableRow"
          data-ouia-safe="true"
        >
          <td
            class=""
            data-key="0"
            data-label="column-0"
          >
            <div
              class="ins-c-skeleton ins-c-skeleton__md"
            >
               
            </div>
          </td>
          <td
            class=""
            data-key="1"
            data-label="column-1"
          >
            <div
              class="ins-c-skeleton ins-c-skeleton__md"
            >
               
            </div>
          </td>
          <td
            class=""
            data-key="2"
            data-label="column-2"
          >
            <div
              class="ins-c-skeleton ins-c-skeleton__md"
            >
               
            </div>
          </td>
          <td
            class=""
            data-key="3"
            data-label="column-3"
          >
            <div
              class="ins-c-skeleton ins-c-skeleton__md"
            >
               
            </div>
          </td>
          <td
            class=""
            data-key="4"
            data-label="column-4"
          >
            <div
              class="ins-c-skeleton ins-c-skeleton__md"
            >
               
            </div>
          </td>
        </tr>
        <tr
          class=""
          data-ouia-component-id="OUIA-Generated-TableRow-9"
          data-ouia-component-type="PF4/TableRow"
          data-ouia-safe="true"
        >
          <td
            class=""
            data-key="0"
            data-label="column-0"
          >
            <div
              class="ins-c-skeleton ins-c-skeleton__md"
            >
               
            </div>
          </td>
          <td
            class=""
            data-key="1"
            data-label="column-1"
          >
            <div
              class="ins-c-skeleton ins-c-skeleton__md"
            >
               
            </div>
          </td>
          <td
            class=""
            data-key="2"
            data-label="column-2"
          >
            <div
              class="ins-c-skeleton ins-c-skeleton__md"
            >
               
            </div>
          </td>
          <td
            class=""
            data-key="3"
            data-label="column-3"
          >
            <div
              class="ins-c-skeleton ins-c-skeleton__md"
            >
               
            </div>
          </td>
          <td
            class=""
            data-key="4"
            data-label="column-4"
          >
            <div
              class="ins-c-skeleton ins-c-skeleton__md"
            >
               
            </div>
          </td>
        </tr>
        <tr
          class=""
          data-ouia-component-id="OUIA-Generated-TableRow-10"
          data-ouia-component-type="PF4/TableRow"
          data-ouia-safe="true"
        >
          <td
            class=""
            data-key="0"
            data-label="column-0"
          >
            <div
              class="ins-c-skeleton ins-c-skeleton__md"
            >
               
            </div>
          </td>
          <td
            class=""
            data-key="1"
            data-label="column-1"
          >
            <div
              class="ins-c-skeleton ins-c-skeleton__md"
            >
               
            </div>
          </td>
          <td
            class=""
            data-key="2"
            data-label="column-2"
          >
            <div
              class="ins-c-skeleton ins-c-skeleton__md"
            >
               
            </div>
          </td>
          <td
            class=""
            data-key="3"
            data-label="column-3"
          >
            <div
              class="ins-c-skeleton ins-c-skeleton__md"
            >
               
            </div>
          </td>
          <td
            class=""
            data-key="4"
            data-label="column-4"
          >
            <div
              class="ins-c-skeleton ins-c-skeleton__md"
            >
               
            </div>
          </td>
        </tr>
        <tr
          class=""
          data-ouia-component-id="OUIA-Generated-TableRow-11"
          data-ouia-component-type="PF4/TableRow"
          data-ouia-safe="true"
        >
          <td
            class=""
            data-key="0"
            data-label="column-0"
          >
            <div
              class="ins-c-skeleton ins-c-skeleton__md"
            >
               
            </div>
          </td>
          <td
            class=""
            data-key="1"
            data-label="column-1"
          >
            <div
              class="ins-c-skeleton ins-c-skeleton__md"
            >
               
            </div>
          </td>
          <td
            class=""
            data-key="2"
            data-label="column-2"
          >
            <div
              class="ins-c-skeleton ins-c-skeleton__md"
            >
               
            </div>
          </td>
          <td
            class=""
            data-key="3"
            data-label="column-3"
          >
            <div
              class="ins-c-skeleton ins-c-skeleton__md"
            >
               
            </div>
          </td>
          <td
            class=""
            data-key="4"
            data-label="column-4"
          >
            <div
              class="ins-c-skeleton ins-c-skeleton__md"
            >
               
            </div>
          </td>
        </tr>
        <tr
          class=""
          data-ouia-component-id="OUIA-Generated-TableRow-12"
          data-ouia-component-type="PF4/TableRow"
          data-ouia-safe="true"
        >
          <td
            class=""
            data-key="0"
            data-label="column-0"
          >
            <div
              class="ins-c-skeleton ins-c-skeleton__md"
            >
               
            </div>
          </td>
          <td
            class=""
            data-key="1"
            data-label="column-1"
          >
            <div
              class="ins-c-skeleton ins-c-skeleton__md"
            >
               
            </div>
          </td>
          <td
            class=""
            data-key="2"
            data-label="column-2"
          >
            <div
              class="ins-c-skeleton ins-c-skeleton__md"
            >
               
            </div>
          </td>
          <td
            class=""
            data-key="3"
            data-label="column-3"
          >
            <div
              class="ins-c-skeleton ins-c-skeleton__md"
            >
               
            </div>
          </td>
          <td
            class=""
            data-key="4"
            data-label="column-4"
          >
            <div
              class="ins-c-skeleton ins-c-skeleton__md"
            >
               
            </div>
          </td>
        </tr>
        <tr
          class=""
          data-ouia-component-id="OUIA-Generated-TableRow-13"
          data-ouia-component-type="PF4/TableRow"
          data-ouia-safe="true"
        >
          <td
            class=""
            data-key="0"
            data-label="column-0"
          >
            <div
              class="ins-c-skeleton ins-c-skeleton__md"
            >
               
            </div>
          </td>
          <td
            class=""
            data-key="1"
            data-label="column-1"
          >
            <div
              class="ins-c-skeleton ins-c-skeleton__md"
            >
               
            </div>
          </td>
          <td
            class=""
            data-key="2"
            data-label="column-2"
          >
            <div
              class="ins-c-skeleton ins-c-skeleton__md"
            >
               
            </div>
          </td>
          <td
            class=""
            data-key="3"
            data-label="column-3"
          >
            <div
              class="ins-c-skeleton ins-c-skeleton__md"
            >
               
            </div>
          </td>
          <td
            class=""
            data-key="4"
            data-label="column-4"
          >
            <div
              class="ins-c-skeleton ins-c-skeleton__md"
            >
               
            </div>
          </td>
        </tr>
        <tr
          class=""
          data-ouia-component-id="OUIA-Generated-TableRow-14"
          data-ouia-component-type="PF4/TableRow"
          data-ouia-safe="true"
        >
          <td
            class=""
            data-key="0"
            data-label="column-0"
          >
            <div
              class="ins-c-skeleton ins-c-skeleton__md"
            >
               
            </div>
          </td>
          <td
            class=""
            data-key="1"
            data-label="column-1"
          >
            <div
              class="ins-c-skeleton ins-c-skeleton__md"
            >
               
            </div>
          </td>
          <td
            class=""
            data-key="2"
            data-label="column-2"
          >
            <div
              class="ins-c-skeleton ins-c-skeleton__md"
            >
               
            </div>
          </td>
          <td
            class=""
            data-key="3"
            data-label="column-3"
          >
            <div
              class="ins-c-skeleton ins-c-skeleton__md"
            >
               
            </div>
          </td>
          <td
            class=""
            data-key="4"
            data-label="column-4"
          >
            <div
              class="ins-c-skeleton ins-c-skeleton__md"
            >
               
            </div>
          </td>
        </tr>
        <tr
          class=""
          data-ouia-component-id="OUIA-Generated-TableRow-15"
          data-ouia-component-type="PF4/TableRow"
          data-ouia-safe="true"
        >
          <td
            class=""
            data-key="0"
            data-label="column-0"
          >
            <div
              class="ins-c-skeleton ins-c-skeleton__md"
            >
               
            </div>
          </td>
          <td
            class=""
            data-key="1"
            data-label="column-1"
          >
            <div
              class="ins-c-skeleton ins-c-skeleton__md"
            >
               
            </div>
          </td>
          <td
            class=""
            data-key="2"
            data-label="column-2"
          >
            <div
              class="ins-c-skeleton ins-c-skeleton__md"
            >
               
            </div>
          </td>
          <td
            class=""
            data-key="3"
            data-label="column-3"
          >
            <div
              class="ins-c-skeleton ins-c-skeleton__md"
            >
               
            </div>
          </td>
          <td
            class=""
            data-key="4"
            data-label="column-4"
          >
            <div
              class="ins-c-skeleton ins-c-skeleton__md"
            >
               
            </div>
          </td>
        </tr>
        <tr
          class=""
          data-ouia-component-id="OUIA-Generated-TableRow-16"
          data-ouia-component-type="PF4/TableRow"
          data-ouia-safe="true"
        >
          <td
            class=""
            data-key="0"
            data-label="column-0"
          >
            <div
              class="ins-c-skeleton ins-c-skeleton__md"
            >
               
            </div>
          </td>
          <td
            class=""
            data-key="1"
            data-label="column-1"
          >
            <div
              class="ins-c-skeleton ins-c-skeleton__md"
            >
               
            </div>
          </td>
          <td
            class=""
            data-key="2"
            data-label="column-2"
          >
            <div
              class="ins-c-skeleton ins-c-skeleton__md"
            >
               
            </div>
          </td>
          <td
            class=""
            data-key="3"
            data-label="column-3"
          >
            <div
              class="ins-c-skeleton ins-c-skeleton__md"
            >
               
            </div>
          </td>
          <td
            class=""
            data-key="4"
            data-label="column-4"
          >
            <div
              class="ins-c-skeleton ins-c-skeleton__md"
            >
               
            </div>
          </td>
        </tr>
      </tbody>
    </table>
    <div
      class="pf-c-toolbar ins-c-table__toolbar ins-m-footer"
      data-ouia-component-id="OUIA-Generated-RHI/TableToolbar-true-1"
      data-ouia-component-type="RHI/TableToolbar"
      data-ouia-safe="true"
      id="pf-random-id-0"
    >
      <div
        class="pf-c-toolbar__content pf-m-hidden"
        hidden=""
      >
        <div
          class="pf-c-toolbar__group"
        />
      </div>
    </div>
  </div>
</div>
`;
